{"level":"info","ts":1755610958.038582,"caller":"cmd/pull.go:12","msg":"Pulling state from remote storage"}
{"level":"info","ts":1755610958.120374,"caller":"cmd/pull.go:48","msg":"Successfully pulled state from remote storage","etag":"\"fc1402dd9e3589a99d50170a6905cfc8\""}
{"level":"info","ts":1755610958.2043583,"caller":"states/cookies.go:73","msg":"Successfully set cookie","name":"__utmz","domain":".cloud.google.com"}
{"level":"info","ts":1755610958.204782,"caller":"states/cookies.go:73","msg":"Successfully set cookie","name":"_cfuvid","domain":".i.sstatic.net"}
{"level":"info","ts":1755610958.2052913,"caller":"states/cookies.go:73","msg":"Successfully set cookie","name":"AMP_46ac3f9abb","domain":".manus.im"}
{"level":"info","ts":1755610958.2056096,"caller":"states/cookies.go:73","msg":"Successfully set cookie","name":"AMP_MKTG_46ac3f9abb","domain":".manus.im"}
{"level":"info","ts":1755610958.2060523,"caller":"states/cookies.go:73","msg":"Successfully set cookie","name":"ph_phc_GgD2IL4s1SKFq5UMk7Ee0Cq7jFKobotQWLSI0gg8AXY_posthog","domain":".operative.sh"}
{"level":"info","ts":1755610958.2063813,"caller":"states/cookies.go:73","msg":"Successfully set cookie","name":"cf_chl_rc_m","domain":"www.genspark.ai"}
{"level":"info","ts":1755610958.2066777,"caller":"states/cookies.go:73","msg":"Successfully set cookie","name":"_gh_sess","domain":"github.com"}
{"level":"info","ts":1755610958.2069502,"caller":"states/cookies.go:73","msg":"Successfully set cookie","name":"uid","domain":".medium.com"}
{"level":"info","ts":1755610958.2072144,"caller":"states/cookies.go:73","msg":"Successfully set cookie","name":"_cfuvid","domain":".medium.com"}
{"level":"info","ts":1755610958.2075386,"caller":"states/cookies.go:73","msg":"Successfully set cookie","name":"cf_clearance","domain":".medium.com"}
{"level":"info","ts":1755610958.208247,"caller":"states/cookies.go:73","msg":"Successfully set cookie","name":"sid","domain":".medium.com"}
{"level":"info","ts":1755610958.2087371,"caller":"states/cookies.go:73","msg":"Successfully set cookie","name":"session_id","domain":"btnrgkyi.gensparkspace.com"}
{"level":"info","ts":1755610958.2090049,"caller":"states/cookies.go:73","msg":"Successfully set cookie","name":"cf_chl_rc_m","domain":"free.theresanaiforthat.com"}
{"level":"info","ts":1755610958.209366,"caller":"states/cookies.go:73","msg":"Successfully set cookie","name":"__cflb","domain":"stackoverflow.com"}
{"level":"info","ts":1755610958.209913,"caller":"states/cookies.go:73","msg":"Successfully set cookie","name":"cf_chl_rc_m","domain":"stackoverflow.com"}
{"level":"info","ts":1755610958.2109144,"caller":"states/cookies.go:73","msg":"Successfully set cookie","name":"cookieCurrentModule","domain":".indopremier.com"}
{"level":"info","ts":1755610958.2113395,"caller":"states/cookies.go:73","msg":"Successfully set cookie","name":"cookieCurrentUri","domain":".indopremier.com"}
{"level":"info","ts":1755610958.2117107,"caller":"states/cookies.go:73","msg":"Successfully set cookie","name":"AMP_46ac3f9abb","domain":".manus.space"}
{"level":"info","ts":1755610958.2120657,"caller":"states/cookies.go:73","msg":"Successfully set cookie","name":"AMP_MKTG_46ac3f9abb","domain":".manus.space"}
{"level":"info","ts":1755610958.212481,"caller":"states/cookies.go:73","msg":"Successfully set cookie","name":"_cfuvid","domain":".pexels.com"}
{"level":"info","ts":1755610958.2127879,"caller":"states/cookies.go:73","msg":"Successfully set cookie","name":"django_language","domain":"cloud.google.com"}
{"level":"info","ts":1755610958.2131143,"caller":"states/cookies.go:73","msg":"Successfully set cookie","name":"FACET_EXPERIMENT_IDS_DEVSITE","domain":"cloud.google.com"}
{"level":"info","ts":1755610958.21342,"caller":"states/cookies.go:73","msg":"Successfully set cookie","name":"cookies_accepted","domain":"cloud.google.com"}
{"level":"info","ts":1755610958.2145858,"caller":"states/cookies.go:73","msg":"Successfully set cookie","name":"m","domain":"m.stripe.com"}
{"level":"info","ts":1755610958.2150104,"caller":"states/cookies.go:73","msg":"Successfully set cookie","name":"manus-theme","domain":"manus.im"}
{"level":"info","ts":1755610958.2153265,"caller":"states/cookies.go:73","msg":"Successfully set cookie","name":"PHPSESSID","domain":"www.indopremier.com"}
{"level":"info","ts":1755610958.2156332,"caller":"states/cookies.go:73","msg":"Successfully set cookie","name":"ARRAffinity","domain":".gensparkspace.com"}
{"level":"info","ts":1755610958.2160265,"caller":"states/cookies.go:73","msg":"Successfully set cookie","name":"ARRAffinitySameSite","domain":".gensparkspace.com"}
{"level":"info","ts":1755610958.216365,"caller":"states/cookies.go:73","msg":"Successfully set cookie","name":"NID","domain":".google.com"}
{"level":"info","ts":1755610958.2166543,"caller":"states/cookies.go:73","msg":"Successfully set cookie","name":"__stripe_mid","domain":".huggingface.co"}
{"level":"info","ts":1755610958.2168827,"caller":"states/cookies.go:73","msg":"Successfully set cookie","name":"__stripe_sid","domain":".huggingface.co"}
{"level":"info","ts":1755610958.217134,"caller":"states/cookies.go:73","msg":"Successfully set cookie","name":"aws-waf-token","domain":".huggingface.co"}
{"level":"info","ts":1755610958.217509,"caller":"states/cookies.go:73","msg":"Successfully set cookie","name":"OptanonAlertBoxClosed","domain":".stackoverflow.com"}
{"level":"info","ts":1755610958.2205076,"caller":"states/cookies.go:73","msg":"Successfully set cookie","name":"OptanonConsent","domain":".stackoverflow.com"}
{"level":"info","ts":1755610958.220834,"caller":"states/cookies.go:73","msg":"Successfully set cookie","name":"_cfuvid","domain":".stackoverflow.com"}
{"level":"info","ts":1755610958.221275,"caller":"states/cookies.go:73","msg":"Successfully set cookie","name":"cf_clearance","domain":".stackoverflow.com"}
{"level":"info","ts":1755610958.2227721,"caller":"states/cookies.go:73","msg":"Successfully set cookie","name":"prov","domain":".stackoverflow.com"}
{"level":"info","ts":1755610958.2231872,"caller":"states/cookies.go:73","msg":"Successfully set cookie","name":"_lr_hb_-ykolez%2Fcloudflarecom","domain":"www.cloudflare.com"}
{"level":"info","ts":1755610958.2235808,"caller":"states/cookies.go:73","msg":"Successfully set cookie","name":"_lr_tabs_-ykolez%2Fcloudflarecom","domain":"www.cloudflare.com"}
{"level":"info","ts":1755610958.2242439,"caller":"states/cookies.go:73","msg":"Successfully set cookie","name":"OptanonConsent","domain":".cloudflare.com"}
{"level":"info","ts":1755610958.224907,"caller":"states/cookies.go:73","msg":"Successfully set cookie","name":"__q_state_37pXYrro6wCZbsU7","domain":".cloudflare.com"}
{"level":"info","ts":1755610958.225389,"caller":"states/cookies.go:73","msg":"Successfully set cookie","name":"_ga","domain":".cloudflare.com"}
{"level":"info","ts":1755610958.2257576,"caller":"states/cookies.go:73","msg":"Successfully set cookie","name":"cfz_amplitude","domain":".cloudflare.com"}
{"level":"info","ts":1755610958.226385,"caller":"states/cookies.go:73","msg":"Successfully set cookie","name":"cfz_google-analytics_v4","domain":".cloudflare.com"}
{"level":"info","ts":1755610958.226943,"caller":"states/cookies.go:73","msg":"Successfully set cookie","name":"cfz_reddit","domain":".cloudflare.com"}
{"level":"info","ts":1755610958.227422,"caller":"states/cookies.go:73","msg":"Successfully set cookie","name":"cfzs_amplitude","domain":".cloudflare.com"}
{"level":"info","ts":1755610958.22781,"caller":"states/cookies.go:73","msg":"Successfully set cookie","name":"cfz_facebook-pixel","domain":".cloudflare.com"}
{"level":"info","ts":1755610958.2281234,"caller":"states/cookies.go:73","msg":"Successfully set cookie","name":"cfzs_google-analytics_v4","domain":".cloudflare.com"}
{"level":"info","ts":1755610958.22853,"caller":"states/cookies.go:73","msg":"Successfully set cookie","name":"cpu_bucket","domain":".github.com"}
{"level":"info","ts":1755610958.2288516,"caller":"states/cookies.go:73","msg":"Successfully set cookie","name":"logged_in","domain":".github.com"}
{"level":"info","ts":1755610958.2291226,"caller":"states/cookies.go:73","msg":"Successfully set cookie","name":"preferred_color_mode","domain":".github.com"}
{"level":"info","ts":1755610958.2294075,"caller":"states/cookies.go:73","msg":"Successfully set cookie","name":"tz","domain":".github.com"}
{"level":"info","ts":1755610958.2297246,"caller":"states/cookies.go:73","msg":"Successfully set cookie","name":"_octo","domain":".github.com"}
{"level":"info","ts":1755610958.2300494,"caller":"states/cookies.go:73","msg":"Successfully set cookie","name":"__cf_bm","domain":".qualified.com"}
{"level":"info","ts":1755610958.2303414,"caller":"states/cookies.go:73","msg":"Successfully set cookie","name":"m-b","domain":".quora.com"}
{"level":"info","ts":1755610958.2306776,"caller":"states/cookies.go:73","msg":"Successfully set cookie","name":"m-b_strict","domain":".quora.com"}
{"level":"info","ts":1755610958.230951,"caller":"states/cookies.go:73","msg":"Successfully set cookie","name":"m-dynamicFontSize","domain":".quora.com"}
{"level":"info","ts":1755610958.231219,"caller":"states/cookies.go:73","msg":"Successfully set cookie","name":"m-theme","domain":".quora.com"}
{"level":"info","ts":1755610958.231495,"caller":"states/cookies.go:73","msg":"Successfully set cookie","name":"m-themeStrategy","domain":".quora.com"}
{"level":"info","ts":1755610958.2317858,"caller":"states/cookies.go:73","msg":"Successfully set cookie","name":"m-uid","domain":".quora.com"}
{"level":"info","ts":1755610958.232155,"caller":"states/cookies.go:73","msg":"Successfully set cookie","name":"m-b_lax","domain":".quora.com"}
{"level":"info","ts":1755610958.2324345,"caller":"states/cookies.go:73","msg":"Successfully set cookie","name":"m-login","domain":".quora.com"}
{"level":"info","ts":1755610958.23275,"caller":"states/cookies.go:73","msg":"Successfully set cookie","name":"m-s","domain":".quora.com"}
{"level":"info","ts":1755610958.2331204,"caller":"states/cookies.go:73","msg":"Successfully set cookie","name":"_cfuvid","domain":".sstatic.net"}
{"level":"info","ts":1755610958.233446,"caller":"states/cookies.go:73","msg":"Successfully set cookie","name":"_gh_sess","domain":"gist.github.com"}
{"level":"info","ts":1755610958.2337556,"caller":"states/cookies.go:73","msg":"Successfully set cookie","name":"_dd_s","domain":"medium.com"}
{"level":"info","ts":1755610958.2340367,"caller":"states/cookies.go:73","msg":"Successfully set cookie","name":"__cf_bm","domain":".www.cloudflare.com"}
{"level":"info","ts":1755610958.2360485,"caller":"states/cookies.go:73","msg":"Successfully set cookie","name":"_cfms_willow","domain":".www.cloudflare.com"}
{"level":"info","ts":1755610958.2374592,"caller":"states/cookies.go:73","msg":"Successfully set cookie","name":"__stripe_mid","domain":".www.context.ai"}
{"level":"info","ts":1755610958.2377534,"caller":"states/cookies.go:73","msg":"Successfully set cookie","name":"YSC","domain":".youtube.com"}
{"level":"info","ts":1755610958.2380936,"caller":"states/cookies.go:73","msg":"Successfully set cookie","name":"__Secure-ROLLOUT_TOKEN","domain":".youtube.com"}
{"level":"info","ts":1755610958.2383986,"caller":"states/cookies.go:73","msg":"Successfully set cookie","name":"VISITOR_INFO1_LIVE","domain":".youtube.com"}
{"level":"info","ts":1755610958.2386978,"caller":"states/cookies.go:73","msg":"Successfully set cookie","name":"VISITOR_PRIVACY_METADATA","domain":".youtube.com"}
{"level":"info","ts":1755610958.2389765,"caller":"states/cookies.go:73","msg":"Successfully set cookie","name":"cf_chl_rc_m","domain":"theresanaiforthat.com"}
{"level":"info","ts":1755610958.2390292,"caller":"watcher/cdp_watcher.go:99","msg":"Watching targets"}
{"level":"info","ts":1755610958.3796759,"caller":"watcher/cdp_watcher.go:117","msg":"Initial target found","targetID":"3E1A9FDF997D449D6EC4761033006DB5"}
{"level":"info","ts":1755610958.3806014,"caller":"watcher/cdp_watcher.go:143","msg":"Target info changed","targetID":"3E1A9FDF997D449D6EC4761033006DB5"}
{"level":"info","ts":1755612365.0074153,"caller":"watcher/cdp_watcher.go:143","msg":"Target info changed","targetID":"2052312967E8FE986DE1CCAFC70BB188"}
{"level":"info","ts":1755650363.9282546,"caller":"watcher/cdp_watcher.go:143","msg":"Target info changed","targetID":"2052312967E8FE986DE1CCAFC70BB188"}
{"level":"info","ts":1755993529.3483758,"caller":"watcher/cdp_watcher.go:143","msg":"Target info changed","targetID":"2052312967E8FE986DE1CCAFC70BB188"}
{"level":"info","ts":1755994205.0670846,"caller":"watcher/cdp_watcher.go:143","msg":"Target info changed","targetID":"2052312967E8FE986DE1CCAFC70BB188"}
{"level":"info","ts":1755994267.9740791,"caller":"watcher/cdp_watcher.go:143","msg":"Target info changed","targetID":"2052312967E8FE986DE1CCAFC70BB188"}
{"level":"info","ts":1755994273.7675762,"caller":"watcher/cdp_watcher.go:143","msg":"Target info changed","targetID":"2052312967E8FE986DE1CCAFC70BB188"}
{"level":"info","ts":1755994318.072339,"caller":"watcher/cdp_watcher.go:143","msg":"Target info changed","targetID":"2052312967E8FE986DE1CCAFC70BB188"}
{"level":"info","ts":1755994330.3573525,"caller":"watcher/cdp_watcher.go:143","msg":"Target info changed","targetID":"2052312967E8FE986DE1CCAFC70BB188"}
{"level":"info","ts":1756598307.5404208,"caller":"watcher/cdp_watcher.go:143","msg":"Target info changed","targetID":"2052312967E8FE986DE1CCAFC70BB188"}
{"level":"info","ts":1756649715.720168,"caller":"watcher/cdp_watcher.go:143","msg":"Target info changed","targetID":"2052312967E8FE986DE1CCAFC70BB188"}
{"level":"info","ts":1756649751.8079104,"caller":"watcher/cdp_watcher.go:143","msg":"Target info changed","targetID":"2052312967E8FE986DE1CCAFC70BB188"}
{"level":"info","ts":1756649760.833103,"caller":"watcher/cdp_watcher.go:143","msg":"Target info changed","targetID":"2052312967E8FE986DE1CCAFC70BB188"}
{"level":"info","ts":1756649765.6120038,"caller":"watcher/cdp_watcher.go:143","msg":"Target info changed","targetID":"2052312967E8FE986DE1CCAFC70BB188"}
{"level":"info","ts":1756649777.621144,"caller":"watcher/cdp_watcher.go:143","msg":"Target info changed","targetID":"2052312967E8FE986DE1CCAFC70BB188"}
{"level":"info","ts":1756649813.707946,"caller":"watcher/cdp_watcher.go:143","msg":"Target info changed","targetID":"2052312967E8FE986DE1CCAFC70BB188"}
{"level":"info","ts":1756649823.9465172,"caller":"watcher/cdp_watcher.go:143","msg":"Target info changed","targetID":"2052312967E8FE986DE1CCAFC70BB188"}
2025/08/31 10:17:04 ERROR: received DOM.documentUpdated when there's no top-level frame
{"level":"error","ts":1756742647.7854238,"caller":"cmd/run.go:58","msg":"Error executing action","error":"upload failed with status 403: <?xml version=\"1.0\" encoding=\"UTF-8\"?>\n<Error><Code>AccessDenied</Code><Message>Request has expired</Message><X-Amz-Expires>86400</X-Amz-Expires><Expires>2025-08-20T13:42:37Z</Expires><ServerTime>2025-09-01T16:04:08Z</ServerTime><RequestId>GKHXJ2CY4R86Z2RX</RequestId><HostId>jEOUmwKA+mYJnt5g7gBMn2Rk9dTvS8Y8vNEAz8NZ0bAMY+gW5fMiNmqVun3us27XU71+xSD8iY0=</HostId></Error>","stacktrace":"gitlab.monica.cn/vida/manus-sandbox/sandbox/state-sync/cmd.Run.func1\n\t/data/gitlab-runner/builds/LVZ2kX5vG/0/vida/manus-sandbox/state-sync/cmd/run.go:58"}
{"level":"info","ts":1756742659.9865465,"caller":"watcher/cdp_watcher.go:143","msg":"Target info changed","targetID":"2052312967E8FE986DE1CCAFC70BB188"}
{"level":"info","ts":1756742706.2311623,"caller":"watcher/cdp_watcher.go:143","msg":"Target info changed","targetID":"2052312967E8FE986DE1CCAFC70BB188"}
{"level":"info","ts":1756742769.7280996,"caller":"watcher/cdp_watcher.go:143","msg":"Target info changed","targetID":"2052312967E8FE986DE1CCAFC70BB188"}
{"level":"info","ts":1756773298.0148191,"caller":"watcher/cdp_watcher.go:143","msg":"Target info changed","targetID":"2052312967E8FE986DE1CCAFC70BB188"}
2025/09/01 20:34:58 ERROR: received DOM.documentUpdated when there's no top-level frame
{"level":"info","ts":1756857795.9309645,"caller":"watcher/cdp_watcher.go:143","msg":"Target info changed","targetID":"2052312967E8FE986DE1CCAFC70BB188"}
{"level":"info","ts":1756858172.5562303,"caller":"watcher/cdp_watcher.go:143","msg":"Target info changed","targetID":"2052312967E8FE986DE1CCAFC70BB188"}
{"level":"info","ts":1756858204.0271285,"caller":"watcher/cdp_watcher.go:143","msg":"Target info changed","targetID":"2052312967E8FE986DE1CCAFC70BB188"}
{"level":"error","ts":1757548650.3922193,"caller":"cmd/run.go:58","msg":"Error executing action","error":"upload failed with status 403: <?xml version=\"1.0\" encoding=\"UTF-8\"?>\n<Error><Code>AccessDenied</Code><Message>Request has expired</Message><X-Amz-Expires>86400</X-Amz-Expires><Expires>2025-08-20T13:42:37Z</Expires><ServerTime>2025-09-10T23:57:30Z</ServerTime><RequestId>07WHA17390YFAS4X</RequestId><HostId>5MPvLk10xsElB1FZhlQCmGeXdYWs8of+Fxruen10sXQ8RZPFm3B+t8nXDGp0BCOhqMkrfJDGE5o=</HostId></Error>","stacktrace":"gitlab.monica.cn/vida/manus-sandbox/sandbox/state-sync/cmd.Run.func1\n\t/data/gitlab-runner/builds/LVZ2kX5vG/0/vida/manus-sandbox/state-sync/cmd/run.go:58"}
